
11378@DESKTOP-OLFMBDT MINGW64 ~
$ ssh-keygen -t rsa -C "1137831420@qq.com"
Generating public/private rsa key pair.
Enter file in which to save the key (/c/Users/11378/.ssh/id_rsa):
Created directory '/c/Users/11378/.ssh'.
Enter passphrase (empty for no passphrase):
Enter same passphrase again:
Your identification has been saved in /c/Users/11378/.ssh/id_rsa.
Your public key has been saved in /c/Users/11378/.ssh/id_rsa.pub.
The key fingerprint is:
SHA256:s68PIPXquhbcpxjwCUWK02EjJyRV8OMkVdcQLuWBc/E 1137831420@qq.com
The key's randomart image is:
+---[RSA 3072]----+
|=oB++...B=       |
|.B *. o=.o.      |
|o +.+ ooo E      |
| .o+ o o         |
|   =oo. S        |
|    *..o.o       |
|     +.oo        |
|    o..  o       |
|   .oo. .oo      |
+----[SHA256]-----+

11378@DESKTOP-OLFMBDT MINGW64 ~
$ ^C

11378@DESKTOP-OLFMBDT MINGW64 ~
$ ssh -T git@github.com
The authenticity of host 'github.com (13.229.188.59)' can't be established.
RSA key fingerprint is SHA256:nThbg6kXUpJWGl7E1IGOCspRomTxdCARLviKw6E5SY8.
Are you sure you want to continue connecting (yes/no/[fingerprint])? yes
Warning: Permanently added 'github.com,13.229.188.59' (RSA) to the list of known hosts.
Hi HFUTZhangHua! You've successfully authenticated, but GitHub does not provide shell access.

11378@DESKTOP-OLFMBDT MINGW64 ~
$ git config --global HFUTZhangHua
error: key does not contain a section: HFUTZhangHua

11378@DESKTOP-OLFMBDT MINGW64 ~
$ git config --global 1137831420@qq.com
error: invalid key: 1137831420@qq.com

11378@DESKTOP-OLFMBDT MINGW64 ~
$ git config --global user.name "HFUTZhangHua"

11378@DESKTOP-OLFMBDT MINGW64 ~
$ git remote add origin git@github.com:HFUTZhangHua/Personal_hub
fatal: not a git repository (or any of the parent directories): .git

11378@DESKTOP-OLFMBDT MINGW64 ~
$ git remote add origin git@github.com:HFUTZhangHua/Personal_hub.git
fatal: not a git repository (or any of the parent directories): .git

11378@DESKTOP-OLFMBDT MINGW64 ~
$ git remote add origin git@github.com:HFUTZhangHua/Personal_hub.git
fatal: not a git repository (or any of the parent directories): .git

11378@DESKTOP-OLFMBDT MINGW64 ~
$ git remote add origin git@github.com:HFUTZhangHua/Personal_hub.git
fatal: not a git repository (or any of the parent directories): .git

11378@DESKTOP-OLFMBDT MINGW64 ~
$ git remote add origin git@github.com:HFUTZhangHua/Personal_hub.git
fatal: not a git repository (or any of the parent directories): .git

11378@DESKTOP-OLFMBDT MINGW64 ~
$ git push -u origin master
fatal: not a git repository (or any of the parent directories): .git

11378@DESKTOP-OLFMBDT MINGW64 ~
$ git init
Initialized empty Git repository in C:/Users/11378/.git/

11378@DESKTOP-OLFMBDT MINGW64 ~ (master)
$ git remote add origin git@github.com:HFUTZhangHua/Personal_hub.git

11378@DESKTOP-OLFMBDT MINGW64 ~ (master)
$ git clone /path/to/repository
Cloning into 'repository'...
fatal: 'D:/programs/Git/path/to/repository' does not appear to be a git reposito
fatal: Could not read from remote repository.

Please make sure you have the correct access rights
and the repository exists.

11378@DESKTOP-OLFMBDT MINGW64 ~ (master)
$ cd D:

11378@DESKTOP-OLFMBDT MINGW64 /d
$ cd f:/git

11378@DESKTOP-OLFMBDT MINGW64 /f/git
$ git clone https://github.com/HFUTZhangHua/Personal_hub.git
Cloning into 'Personal_hub'...
warning: You appear to have cloned an empty repository.

11378@DESKTOP-OLFMBDT MINGW64 /f/git
$ ls
Personal_hub/

11378@DESKTOP-OLFMBDT MINGW64 /f/git
$ git add test.txt
fatal: not a git repository (or any of the parent directories): .git

11378@DESKTOP-OLFMBDT MINGW64 /f/git
$ git add hello world.txt
fatal: not a git repository (or any of the parent directories): .git

11378@DESKTOP-OLFMBDT MINGW64 /f/git
$ cd f/git/^C

11378@DESKTOP-OLFMBDT MINGW64 /f/git
$ cd f/git/Personal_hub
bash: cd: f/git/Personal_hub: No such file or directory

11378@DESKTOP-OLFMBDT MINGW64 /f/git
$ cd F:\git\Personal_hub
bash: cd: F:gitPersonal_hub: No such file or directory

11378@DESKTOP-OLFMBDT MINGW64 /f/git
$ ls
Personal_hub/

11378@DESKTOP-OLFMBDT MINGW64 /f/git
$ cd F:/git/Personal_hub

11378@DESKTOP-OLFMBDT MINGW64 /f/git/Personal_hub (master)
$ git add hello world.txt
fatal: pathspec 'hello' did not match any files

11378@DESKTOP-OLFMBDT MINGW64 /f/git/Personal_hub (master)
$ git add helloworld.txt

11378@DESKTOP-OLFMBDT MINGW64 /f/git/Personal_hub (master)
$ git commit -m "first file on github"

*** Please tell me who you are.

Run

  git config --global user.email "you@example.com"
  git config --global user.name "Your Name"

to set your account's default identity.
Omit --global to set the identity only in this repository.

fatal: unable to auto-detect email address (got '11378@DESKTOP-OLFMBDT.(none)')

11378@DESKTOP-OLFMBDT MINGW64 /f/git/Personal_hub (master)
$ gitgit
bash: gitgit: command not found

11378@DESKTOP-OLFMBDT MINGW64 /f/git/Personal_hub (master)
$  git config --global user.name "Your Name"

11378@DESKTOP-OLFMBDT MINGW64 /f/git/Personal_hub (master)
$  git config --global user.name "HFUTZhangHua"

11378@DESKTOP-OLFMBDT MINGW64 /f/git/Personal_hub (master)
$ git commit -m "first file on github"

*** Please tell me who you are.

Run

  git config --global user.email "you@example.com"
  git config --global user.name "Your Name"

to set your account's default identity.
Omit --global to set the identity only in this repository.

fatal: unable to auto-detect email address (got '11378@DESKTOP-OLFMBDT.(none)')

11378@DESKTOP-OLFMBDT MINGW64 /f/git/Personal_hub (master)
$  git config --global user.email "1137831420@qq.com"

11378@DESKTOP-OLFMBDT MINGW64 /f/git/Personal_hub (master)
$ git commit -m "first file on github"
[master (root-commit) 104b6fe] first file on github
 1 file changed, 0 insertions(+), 0 deletions(-)
 create mode 100644 helloworld.txt

11378@DESKTOP-OLFMBDT MINGW64 /f/git/Personal_hub (master)
$ git push prigin master
fatal: 'prigin' does not appear to be a git repository
fatal: Could not read from remote repository.

Please make sure you have the correct access rights
and the repository exists.

11378@DESKTOP-OLFMBDT MINGW64 /f/git/Personal_hub (master)
$ git push origin master
Enumerating objects: 3, done.
Counting objects: 100% (3/3), done.
Writing objects: 100% (3/3), 228 bytes | 114.00 KiB/s, done.
Total 3 (delta 0), reused 0 (delta 0)
To https://github.com/HFUTZhangHua/Personal_hub.git
 * [new branch]      master -> master

11378@DESKTOP-OLFMBDT MINGW64 /f/git/Personal_hub (master)
$
